# Tests Djikstra's algo with no path between nodes

created graph g1

added node n1 to g1
added node n2 to g1
added node n3 to g1

added edge 6.900 from n1 to n2 in g1

path from n1 to n3:
no path found