# tests adding two nodes to graph

# create empty graph
created graph g1

# add two nodes
added node n1 to g1
added node n2 to g1

# print nodes in graph
g1 contains: n1 n2